// Jest Snapshot v1, https://goo.gl/fbAQLP

exports[`creates reducers correctly 1`] = `
Array [
  1,
  2,
  3,
]
`;
