// Jest Snapshot v1, https://goo.gl/fbAQLP

exports[`creates a UNFAVORITE_NAME action 1`] = `
Object {
  "gender": "female",
  "name": Object {
    "isFavoite": true,
    "name": "artur",
  },
  "type": "UNFAVORITE_NAME",
}
`;
